// Vitest Snapshot v1

exports[`renders a default button 1`] = `
<div>
  <div
    class="sc-bcXHqe kTGhZP"
  />
</div>
`;
