// Jest Snapshot v1, https://goo.gl/fbAQLP

exports[`renders a default button 1`] = `
<div>
  <div
    class="sc-bczRLJ hfIZzH"
  />
</div>
`;
