// Jest Snapshot v1, https://goo.gl/fbAQLP

exports[`renders a default button 1`] = `
<div>
  <ul>
    <li>
      Mistakes
      : 
      0
    </li>
    <li>
      Time
      : 
      0
    </li>
  </ul>
  <button
    class="sc-bczRLJ fiMtFI"
  >
    Reset
  </button>
</div>
`;
